main.c:193:5:main	8	static
main.c:303:6:SystemClock_Config	120	static
main.c:359:13:MX_ADC1_Init	24	static
main.c:404:13:MX_TIM4_Init	48	static
main.c:453:13:MX_USART2_UART_Init	8	static
main.c:486:13:MX_GPIO_Init	40	static
main.c:525:6:StartDefaultTask	16	static
main.c:543:6:StartLED1Task	16	static
main.c:562:6:StartLED2Task	152	static
main.c:586:6:StartReadBtnTask	152	static
main.c:611:6:StartLED3Task	16	static
main.c:633:6:StartADCTask	152	static
main.c:668:6:StartUARTTask	144	static
main.c:690:6:HAL_TIM_PeriodElapsedCallback	16	static
main.c:707:6:Error_Handler	4	static,ignoring_inline_asm
