cmsis_os2.c:174:12:osKernelInitialize	24	static,ignoring_inline_asm
cmsis_os2.c:195:12:osKernelGetInfo	24	static
cmsis_os2.c:212:17:osKernelGetState	16	static
cmsis_os2.c:237:12:osKernelStart	24	static,ignoring_inline_asm
cmsis_os2.c:256:9:osKernelLock	24	static,ignoring_inline_asm
cmsis_os2.c:283:9:osKernelUnlock	24	static,ignoring_inline_asm
cmsis_os2.c:315:9:osKernelRestoreLock	32	static,ignoring_inline_asm
cmsis_os2.c:351:10:osKernelGetTickCount	24	static,ignoring_inline_asm
cmsis_os2.c:363:10:osKernelGetTickFreq	4	static
cmsis_os2.c:367:10:osKernelGetSysTimerCount	24	static,ignoring_inline_asm
cmsis_os2.c:381:10:osKernelGetSysTimerFreq	4	static
cmsis_os2.c:387:14:osThreadNew	80	static,ignoring_inline_asm
cmsis_os2.c:453:13:osThreadGetName	40	static,ignoring_inline_asm
cmsis_os2.c:466:14:osThreadGetId	24	static,ignoring_inline_asm
cmsis_os2.c:478:17:osThreadGetState	40	static,ignoring_inline_asm
cmsis_os2.c:500:10:osThreadGetStackSpace	40	static,ignoring_inline_asm
cmsis_os2.c:513:10:osThreadGetStackSize	16	static
cmsis_os2.c:523:12:osThreadSetPriority	40	static,ignoring_inline_asm
cmsis_os2.c:541:14:osThreadGetPriority	40	static,ignoring_inline_asm
cmsis_os2.c:554:12:osThreadYield	24	static,ignoring_inline_asm
cmsis_os2.c:567:12:osThreadSuspend	40	static,ignoring_inline_asm
cmsis_os2.c:585:12:osThreadResume	40	static,ignoring_inline_asm
cmsis_os2.c:603:18:osThreadExit	8	static
cmsis_os2.c:610:12:osThreadTerminate	40	static,ignoring_inline_asm
cmsis_os2.c:639:10:osThreadGetCount	24	static,ignoring_inline_asm
cmsis_os2.c:651:10:osThreadEnumerate	40	static,ignoring_inline_asm
cmsis_os2.c:679:10:osThreadFlagsSet	48	static,ignoring_inline_asm
cmsis_os2.c:707:10:osThreadFlagsClear	40	static,ignoring_inline_asm
cmsis_os2.c:737:10:osThreadFlagsGet	32	static,ignoring_inline_asm
cmsis_os2.c:755:10:osThreadFlagsWait	64	static,ignoring_inline_asm
cmsis_os2.c:830:12:osDelay	32	static,ignoring_inline_asm
cmsis_os2.c:847:12:osDelayUntil	40	static,ignoring_inline_asm
cmsis_os2.c:866:13:TimerCallback	24	static
cmsis_os2.c:876:13:osTimerNew	64	static,ignoring_inline_asm
cmsis_os2.c:934:13:osTimerGetName	40	static,ignoring_inline_asm
cmsis_os2.c:947:12:osTimerStart	48	static,ignoring_inline_asm
cmsis_os2.c:968:12:osTimerStop	48	static,ignoring_inline_asm
cmsis_os2.c:994:10:osTimerIsRunning	40	static,ignoring_inline_asm
cmsis_os2.c:1007:12:osTimerDelete	48	static,ignoring_inline_asm
cmsis_os2.c:1038:18:osEventFlagsNew	40	static,ignoring_inline_asm
cmsis_os2.c:1074:10:osEventFlagsSet	40	static,ignoring_inline_asm
cmsis_os2.c:1099:10:osEventFlagsClear	40	static,ignoring_inline_asm
cmsis_os2.c:1120:10:osEventFlagsGet	40	static,ignoring_inline_asm
cmsis_os2.c:1137:10:osEventFlagsWait	64	static,ignoring_inline_asm
cmsis_os2.c:1187:12:osEventFlagsDelete	40	static,ignoring_inline_asm
cmsis_os2.c:1211:13:osMutexNew	48	static,ignoring_inline_asm
cmsis_os2.c:1290:12:osMutexAcquire	40	static,ignoring_inline_asm
cmsis_os2.c:1331:12:osMutexRelease	40	static,ignoring_inline_asm
cmsis_os2.c:1364:14:osMutexGetOwner	40	static,ignoring_inline_asm
cmsis_os2.c:1379:12:osMutexDelete	40	static,ignoring_inline_asm
cmsis_os2.c:1408:17:osSemaphoreNew	56	static,ignoring_inline_asm
cmsis_os2.c:1475:12:osSemaphoreAcquire	40	static,ignoring_inline_asm
cmsis_os2.c:1512:12:osSemaphoreRelease	40	static,ignoring_inline_asm
cmsis_os2.c:1540:10:osSemaphoreGetCount	40	static,ignoring_inline_asm
cmsis_os2.c:1556:12:osSemaphoreDelete	40	static,ignoring_inline_asm
cmsis_os2.c:1584:20:osMessageQueueNew	56	static,ignoring_inline_asm
cmsis_os2.c:1637:12:osMessageQueuePut	48	static,ignoring_inline_asm
cmsis_os2.c:1678:12:osMessageQueueGet	48	static,ignoring_inline_asm
cmsis_os2.c:1719:10:osMessageQueueGetCapacity	24	static
cmsis_os2.c:1733:10:osMessageQueueGetMsgSize	24	static
cmsis_os2.c:1747:10:osMessageQueueGetCount	40	static,ignoring_inline_asm
cmsis_os2.c:1764:10:osMessageQueueGetSpace	56	static,ignoring_inline_asm
cmsis_os2.c:1787:12:osMessageQueueReset	40	static,ignoring_inline_asm
cmsis_os2.c:1805:12:osMessageQueueDelete	40	static,ignoring_inline_asm
cmsis_os2.c:1896:6:vApplicationGetIdleTaskMemory	24	static
cmsis_os2.c:1906:6:vApplicationGetTimerTaskMemory	24	static
