stm32f7xx_hal.c:138:19:HAL_Init	8	static
stm32f7xx_hal.c:168:19:HAL_DeInit	8	static
stm32f7xx_hal.c:197:13:HAL_MspInit	4	static
stm32f7xx_hal.c:208:13:HAL_MspDeInit	4	static
stm32f7xx_hal.c:231:26:HAL_InitTick	16	static
stm32f7xx_hal.c:290:13:HAL_IncTick	4	static
stm32f7xx_hal.c:301:17:HAL_GetTick	4	static
stm32f7xx_hal.c:310:10:HAL_GetTickPrio	4	static
stm32f7xx_hal.c:319:19:HAL_SetTickFreq	24	static
stm32f7xx_hal.c:339:21:HAL_GetTickFreq	4	static
stm32f7xx_hal.c:355:13:HAL_Delay	24	static
stm32f7xx_hal.c:381:13:HAL_SuspendTick	4	static
stm32f7xx_hal.c:397:13:HAL_ResumeTick	4	static
stm32f7xx_hal.c:407:10:HAL_GetHalVersion	4	static
stm32f7xx_hal.c:416:10:HAL_GetREVID	4	static
stm32f7xx_hal.c:425:10:HAL_GetDEVID	4	static
stm32f7xx_hal.c:434:10:HAL_GetUIDw0	4	static
stm32f7xx_hal.c:443:10:HAL_GetUIDw1	4	static
stm32f7xx_hal.c:452:10:HAL_GetUIDw2	4	static
stm32f7xx_hal.c:461:6:HAL_DBGMCU_EnableDBGSleepMode	4	static
stm32f7xx_hal.c:470:6:HAL_DBGMCU_DisableDBGSleepMode	4	static
stm32f7xx_hal.c:479:6:HAL_DBGMCU_EnableDBGStopMode	4	static
stm32f7xx_hal.c:488:6:HAL_DBGMCU_DisableDBGStopMode	4	static
stm32f7xx_hal.c:497:6:HAL_DBGMCU_EnableDBGStandbyMode	4	static
stm32f7xx_hal.c:506:6:HAL_DBGMCU_DisableDBGStandbyMode	4	static
stm32f7xx_hal.c:517:6:HAL_EnableCompensationCell	4	static
stm32f7xx_hal.c:528:6:HAL_DisableCompensationCell	4	static
stm32f7xx_hal.c:541:6:HAL_EnableFMCMemorySwapping	4	static
stm32f7xx_hal.c:554:6:HAL_DisableFMCMemorySwapping	4	static
stm32f7xx_hal.c:571:6:HAL_EnableMemorySwappingBank	4	static
stm32f7xx_hal.c:586:6:HAL_DisableMemorySwappingBank	4	static
