stm32f7xx_hal_rcc.c:198:19:HAL_RCC_DeInit	16	static
stm32f7xx_hal_rcc.c:344:19:HAL_RCC_OscConfig	32	static
stm32f7xx_hal_rcc.c:703:19:HAL_RCC_ClockConfig	24	static
stm32f7xx_hal_rcc.c:884:6:HAL_RCC_MCOConfig	56	static
stm32f7xx_hal_rcc.c:938:6:HAL_RCC_EnableCSS	4	static
stm32f7xx_hal_rcc.c:947:6:HAL_RCC_DisableCSS	4	static
stm32f7xx_hal_rcc.c:982:10:HAL_RCC_GetSysClockFreq	40	static
stm32f7xx_hal_rcc.c:1036:10:HAL_RCC_GetHCLKFreq	4	static
stm32f7xx_hal_rcc.c:1047:10:HAL_RCC_GetPCLK1Freq	8	static
stm32f7xx_hal_rcc.c:1059:10:HAL_RCC_GetPCLK2Freq	8	static
stm32f7xx_hal_rcc.c:1072:6:HAL_RCC_GetOscConfig	24	static,ignoring_inline_asm
stm32f7xx_hal_rcc.c:1154:6:HAL_RCC_GetClockConfig	16	static
stm32f7xx_hal_rcc.c:1180:6:HAL_RCC_NMI_IRQHandler	8	static
stm32f7xx_hal_rcc.c:1197:13:HAL_RCC_CSSCallback	4	static
